---
source: tests/example_snapshots.rs
expression: output
---
=== STDOUT ===
Testing fs module...
sandbox.js exists: true
nonexistent.txt exists: false
readFile type: object
readFile length: 1025
First 50 bytes as string: // Test fs sandbox - path traversal should be deni
Wrote to output.txt
Read back: Hello from Ravel!
__filename: <PROJECT_ROOT>/examples/fs.js
__dirname: <PROJECT_ROOT>/examples
All tests passed!

=== STDERR ===
